=== idle agent-wall dispatch 2026-08-07T20:13:23-03:00 ===
DISPATCH=/home/vgpnk1337/.xbgst/hydra-bounty/tmp/idle-dispatch-20260807-201323
sent -> hydra:6
sent -> hydra:7
sent -> hydra:8
sent -> sekhmet:1
sent -> sekhmet:3
sent -> sekhmet:4
sent -> sekhmet:5
sent -> bounty-distill:1
sent -> bounty-orch:1
sent -> bounty-orch:2
sent -> bounty-orch:3
sent -> bounty-orch:4
sent -> bounty-orch:5
sent -> bounty-orch:6
sent -> bounty-orch:7
sent -> bounty-orch:8
sent -> bounty-orch:9
sent -> bounty-orch:10
sent -> agent:1
sent -> agent-pip:1
sent -> Work:1
sent -> shell:1
sent -> remote:1
bg sekhmet pids: 536767
=== dispatch issued 2026-08-07T20:13:27-03:00 ===
log: /home/vgpnk1337/.xbgst/hydra-bounty/tmp/idle-dispatch-20260807-201323/DISPATCH.log
Work:1 vgpnk1337 bash
Work:2 main grok
agent:1 jobs bash
agent-pip:1 help sekhmet
agent-wall:1 tui agent-wall
bounty-distill:1 hunt bash
bounty-orch:1 judge bash
bounty-orch:2 rust bash
bounty-orch:3 web bash
bounty-orch:4 cli-tooling bash
bounty-orch:5 infra-docs bash
bounty-orch:6 security-oss bash
bounty-orch:7 sol-ultra bash
bounty-orch:8 prune bash
bounty-orch:9 status bash
bounty-orch:10 godspeed bash
hydra:1 orch grok
hydra:2 pruner sleep
hydra:3 stack watch
hydra:4 wrap watch
hydra:5 grok watch
hydra:6 sekhmet-a sekhmet
hydra:7 sekhmet-b sekhmet
hydra:8 sekhmet-c sekhmet
hydra:9 tracker watch
remote:1 vgpnk1337 bash
sekhmet:1 substrate bash
sekhmet:2 orch grok
sekhmet:3 bounty-distill bash
sekhmet:4 luna sekhmet
sekhmet:5 spark sekhmet
shell:1 scratch bash
