2026-08-07T22:34:43Z whip fresh_REPORT_lt5m=NONE missing=stack/aiven,wrap/auth0,grok/google-vrp
2026-08-07T22:35:59Z whip end stack/aiven REPORT+SCOPE+OWN+DRAFT landed; wrap/auth0+grok/google-vrp still missing REPORT; no COMPLETE; no refill; sekhmet panes alive; no triple dry-run
2026-08-07T22:37:28Z tracker+connector updated
2026-08-07T22:38:02Z orch pulse: ships aiven/auth0/google/tracker; passive HTTP evidence; sekhmet a/b/c swarm kicked; fnm abc ok; zero COMPLETE
2026-08-07T22:38:34Z whip fresh_REPORT_lt5m=stack/aiven,wrap/auth0,grok/google-vrp missing_or_empty=NONE stale=
2026-08-07T22:39:18Z whip end all3_REPORT_fresh_lt5m no_missing no_COMPLETE no_spawn no_refill no_ship(already_on_main_evidence) hydra_tmux_ok sekhmet_panes_alive no_triple_dryrun
2026-08-07T22:39:26Z human-gates shipped; refill script hardened; aiven PRIOR-INSTANCE copied; L3 a/b/c ok with minor rate_limit/auth on c
2026-08-07T22:40:18Z dual-auth Compare phase active; all 3 hydra lane executors done MAPPED; pruner loop restarted; next-tick aiven ship
2026-08-07T22:40:33Z whip fresh_REPORT_lt5m=stack/aiven,wrap/auth0,grok/google-vrp missing_or_empty=NONE
2026-08-07T22:40:44Z whip end all3_fresh no_missing no_COMPLETE no_spawn no_refill no_ship(aiven_next_tick_SAME_on_main) hydra_ok sekhmet_abc_alive no_triple_dryrun
2026-08-07T22:40:49Z STATUS×3 + connector rank; aiven executor NEXT-TICK done; no COMPLETE
2026-08-07T22:41:23Z whip-correction: prior tick narrative stale; live state REPORT+STATUS all3 present; COMPLETE=0; dual-auth Scribe phase
  stack/aiven REPORT=OK STATUS=OK mtime=2026-08-07 19:39:50
  wrap/auth0 REPORT=OK STATUS=OK mtime=2026-08-07 19:37:06
  grok/google-vrp REPORT=OK STATUS=OK mtime=2026-08-07 19:36:51
2026-08-07T22:41:23Z scribe ship done
2026-08-07T22:41:42Z dual-auth-2 Ship phase terminal artifact shipped
2026-08-07T22:42:19Z dual-bounty-auth-2 WORKFLOW COMPLETE winner=A ship_ok substrate_ok
2026-08-07T22:42:33Z whip fresh_REPORT_lt5m=stack/aiven missing_or_empty=NONE
2026-08-07T22:42:45Z whip end fresh=aiven_only wrap+gvrp_REPORT_gt5m_but_progress_ok no_missing no_COMPLETE no_spawn no_refill no_ship(STATUS_SAME_on_main) hydra_ok sekhmet_abc_alive no_triple_dryrun
2026-08-07T22:44:29Z whip fresh_REPORT_lt5m=stack/aiven missing_or_empty=NONE
2026-08-07T22:44:33Z whip end fresh=aiven_only wrap+gvrp_stale_REPORT_but_progress no_missing no_COMPLETE no_spawn no_refill no_ship(no_new_files) hydra_ok sekhmet_abc_alive no_triple_dryrun
2026-08-07T22:46:28Z whip fresh_REPORT_lt5m=NONE missing_or_empty=NONE
2026-08-07T22:46:31Z whip end fresh=NONE all_REPORT_stale_but_progress no_missing no_COMPLETE no_spawn no_refill no_ship hydra_ok sekhmet_abc_alive no_triple_dryrun
2026-08-07T22:48:25Z whip fresh_REPORT_lt5m=NONE missing_or_empty=NONE
2026-08-07T22:48:28Z whip end fresh=NONE no_missing no_COMPLETE no_spawn no_refill no_ship hydra_ok sekhmet_abc_alive no_triple_dryrun
2026-08-07T22:50:27Z whip fresh_REPORT_lt5m=NONE missing_or_empty=NONE
2026-08-07T22:50:30Z whip end fresh=NONE no_missing no_COMPLETE no_spawn no_refill no_ship hydra_ok sekhmet_abc_alive no_triple_dryrun
2026-08-07T22:52:28Z whip fresh_REPORT_lt5m=NONE missing_or_empty=NONE
2026-08-07T22:52:34Z whip end fresh=NONE no_missing no_COMPLETE no_spawn no_refill no_ship hydra_ok sekhmet_abc_alive no_triple_dryrun
2026-08-07T22:54:25Z whip fresh_REPORT_lt5m=NONE missing_or_empty=NONE
2026-08-07T22:54:32Z whip end fresh=NONE no_missing no_COMPLETE no_spawn no_refill no_ship hydra_ok sekhmet_abc_alive no_triple_dryrun
2026-08-07T22:56:29Z fresh=NONE missing=NONE
2026-08-07T22:56:34Z whip end fresh=NONE no_missing no_COMPLETE no_spawn no_refill no_ship hydra_ok sekhmet_session_ok no_triple_dryrun
2026-08-07T22:58:19Z fresh=NONE missing=NONE
2026-08-07T22:58:19Z whip end fresh=NONE no_missing no_COMPLETE no_spawn no_refill no_ship hydra_ok sekhmet_abc_alive no_triple_dryrun
2026-08-07T23:00:17Z fresh=NONE missing=NONE
2026-08-07T23:00:17Z whip end fresh=NONE no_missing no_COMPLETE no_spawn no_refill no_ship hydra_ok sekhmet_abc_alive no_triple_dryrun
2026-08-07T23:02:17Z fresh=NONE missing=NONE
2026-08-07T23:02:17Z whip end fresh=NONE no_missing no_COMPLETE no_spawn no_refill no_ship hydra_ok sekhmet_abc_alive no_triple_dryrun
2026-08-07T23:04:20Z fresh=NONE missing=NONE
2026-08-07T23:04:20Z whip end fresh=NONE no_missing no_COMPLETE no_spawn no_refill no_ship hydra_ok sekhmet_abc_alive no_triple_dryrun
2026-08-07T23:06:15Z fresh=NONE missing=NONE
2026-08-07T23:06:15Z whip end fresh=NONE no_missing no_COMPLETE no_spawn no_refill no_ship hydra_ok sekhmet_abc_alive no_triple_dryrun
2026-08-07T23:08:14Z fresh=NONE missing=NONE
2026-08-07T23:08:14Z whip end fresh=NONE no_missing no_COMPLETE no_spawn no_refill no_ship hydra_ok sekhmet_abc_alive no_triple_dryrun
2026-08-07T23:10:11Z fresh=NONE missing=NONE
2026-08-07T23:10:11Z whip end fresh=NONE no_missing no_COMPLETE no_spawn no_refill no_ship hydra_ok sekhmet_abc_alive no_triple_dryrun
2026-08-07T23:12:11Z fresh_REPORT_lt5m=NONE missing_or_empty=NONE
2026-08-07T23:12:11Z fresh=NONE missing=NONE
2026-08-07T23:12:11Z whip end fresh=NONE no_missing no_COMPLETE no_spawn no_refill no_ship hydra_ok sekhmet_abc_alive no_triple_dryrun
2026-08-07T23:12:11Z whip end fresh=NONE no_missing no_COMPLETE no_spawn no_refill no_ship hydra_ok sekhmet_abc_alive no_triple_dryrun op_aivenA=no op_aivenB=no
2026-08-07T23:13:24Z fresh_REPORT_lt5m=NONE missing_or_empty=NONE
2026-08-07T23:13:25Z fresh_REPORT_lt5m=NONE missing_or_empty=NONE
2026-08-07T23:13:26Z fresh_REPORT_lt5m=NONE missing_or_empty=NONE
2026-08-07T23:13:26Z fresh_REPORT_lt5m=NONE missing_or_empty=NONE
2026-08-07T23:13:32Z fresh_REPORT_lt5m=NONE missing_or_empty=NONE
2026-08-07T23:13:32Z fresh_REPORT_lt5m=NONE missing_or_empty=NONE
2026-08-07T23:13:59Z fresh_REPORT_lt5m=NONE missing_or_empty=NONE
2026-08-07T23:13:59Z fresh_REPORT_lt5m=NONE missing_or_empty=NONE
2026-08-07T23:13:59Z fresh_REPORT_lt5m=NONE missing_or_empty=NONE
2026-08-07T23:14:11Z fresh=NONE missing=NONE
2026-08-07T23:14:11Z whip end fresh=NONE no_missing no_COMPLETE no_spawn no_refill no_ship hydra_ok sekhmet_abc_alive no_triple_dryrun
2026-08-07T23:13:26Z whip end fresh=NONE no_missing no_COMPLETE no_spawn no_refill no_ship hydra_ok sekhmet_abc_alive no_triple_dryrun op_aivenA=no op_aivenB=no
2026-08-07T23:14:27Z fresh_REPORT_lt5m=NONE missing_or_empty=NONE
2026-08-07T23:14:29Z ship=OK label=hydra-whip-tick v3_tasks+passive_http
2026-08-07T23:13:32Z whip end fresh=NONE no_missing no_COMPLETE no_spawn no_refill no_ship hydra_ok sekhmet_abc_alive no_triple_dryrun op_aivenA=no op_aivenB=no
2026-08-07T23:13:32Z whip end fresh=NONE no_missing no_COMPLETE no_spawn no_refill no_ship hydra_ok sekhmet_abc_alive no_triple_dryrun op_aivenA=no op_aivenB=no
2026-08-07T23:14:27Z whip end fresh=NONE no_missing no_COMPLETE no_spawn no_refill no_ship hydra_ok sekhmet_abc_alive no_triple_dryrun op_aivenA=no op_aivenB=no
2026-08-07T23:13:59Z whip end fresh=NONE no_missing no_COMPLETE no_spawn no_refill no_ship hydra_ok sekhmet_abc_alive no_triple_dryrun op_aivenA=no op_aivenB=no
2026-08-07T23:14:33Z fresh_REPORT_lt5m=NONE missing_or_empty=NONE
2026-08-07T23:13:59Z whip end fresh=NONE no_missing no_COMPLETE no_spawn no_refill no_ship hydra_ok sekhmet_abc_alive no_triple_dryrun op_aivenA=no op_aivenB=no
2026-08-07T23:13:59Z whip end fresh=NONE no_missing no_COMPLETE no_spawn no_refill no_ship hydra_ok sekhmet_abc_alive no_triple_dryrun op_aivenA=no op_aivenB=no
2026-08-07T23:14:33Z whip end fresh=NONE no_missing no_COMPLETE no_spawn no_refill no_ship hydra_ok sekhmet_abc_alive no_triple_dryrun op_aivenA=no op_aivenB=no
